c:\users\arthu\documents\ma\3\1.1\bo\doomlikec++\doomshooter\doomshooter\x64\debug\vc143.pdb
c:\users\arthu\documents\ma\3\1.1\bo\doomlikec++\doomshooter\doomshooter\x64\debug\vc143.idb
c:\users\arthu\documents\ma\3\1.1\bo\doomlikec++\doomshooter\doomshooter\x64\debug\player.obj
c:\users\arthu\documents\ma\3\1.1\bo\doomlikec++\doomshooter\doomshooter\x64\debug\main.obj
c:\users\arthu\documents\ma\3\1.1\bo\doomlikec++\doomshooter\doomshooter\x64\debug\inputsystem.obj
c:\users\arthu\documents\ma\3\1.1\bo\doomlikec++\doomshooter\doomshooter\x64\debug\inputaction.obj
c:\users\arthu\documents\ma\3\1.1\bo\doomlikec++\doomshooter\doomshooter\x64\debug\map.obj
c:\users\arthu\documents\ma\3\1.1\bo\doomlikec++\doomshooter\doomshooter\x64\debug\raycaster.obj
c:\users\arthu\documents\ma\3\1.1\bo\doomlikec++\doomshooter\doomshooter\x64\debug\renderer.obj
c:\users\arthu\documents\ma\3\1.1\bo\doomlikec++\doomshooter\x64\debug\doomshooter.exe
c:\users\arthu\documents\ma\3\1.1\bo\doomlikec++\doomshooter\x64\debug\doomshooter.pdb
c:\users\arthu\documents\ma\3\1.1\bo\doomlikec++\doomshooter\doomshooter\x64\debug\doomshooter.ilk
c:\users\arthu\documents\ma\3\1.1\bo\doomlikec++\doomshooter\doomshooter\x64\debug\doomshooter.tlog\cl.command.1.tlog
c:\users\arthu\documents\ma\3\1.1\bo\doomlikec++\doomshooter\doomshooter\x64\debug\doomshooter.tlog\cl.items.tlog
c:\users\arthu\documents\ma\3\1.1\bo\doomlikec++\doomshooter\doomshooter\x64\debug\doomshooter.tlog\cl.read.1.tlog
c:\users\arthu\documents\ma\3\1.1\bo\doomlikec++\doomshooter\doomshooter\x64\debug\doomshooter.tlog\cl.write.1.tlog
c:\users\arthu\documents\ma\3\1.1\bo\doomlikec++\doomshooter\doomshooter\x64\debug\doomshooter.tlog\link.command.1.tlog
c:\users\arthu\documents\ma\3\1.1\bo\doomlikec++\doomshooter\doomshooter\x64\debug\doomshooter.tlog\link.read.1.tlog
c:\users\arthu\documents\ma\3\1.1\bo\doomlikec++\doomshooter\doomshooter\x64\debug\doomshooter.tlog\link.secondary.1.tlog
c:\users\arthu\documents\ma\3\1.1\bo\doomlikec++\doomshooter\doomshooter\x64\debug\doomshooter.tlog\link.write.1.tlog
