c:\users\arthu\documents\ma\3\1.1\bo\doomlikec++\doomshooter\doomshooter\x64\release\vc143.pdb
c:\users\arthu\documents\ma\3\1.1\bo\doomlikec++\doomshooter\doomshooter\x64\release\player.obj
c:\users\arthu\documents\ma\3\1.1\bo\doomlikec++\doomshooter\doomshooter\x64\release\main.obj
c:\users\arthu\documents\ma\3\1.1\bo\doomlikec++\doomshooter\doomshooter\x64\release\inputsystem.obj
c:\users\arthu\documents\ma\3\1.1\bo\doomlikec++\doomshooter\doomshooter\x64\release\inputaction.obj
c:\users\arthu\documents\ma\3\1.1\bo\doomlikec++\doomshooter\doomshooter\x64\release\renderer.obj
c:\users\arthu\documents\ma\3\1.1\bo\doomlikec++\doomshooter\doomshooter\x64\release\raycaster.obj
c:\users\arthu\documents\ma\3\1.1\bo\doomlikec++\doomshooter\doomshooter\x64\release\map.obj
c:\users\arthu\documents\ma\3\1.1\bo\doomlikec++\doomshooter\x64\release\doomshooter.exe
c:\users\arthu\documents\ma\3\1.1\bo\doomlikec++\doomshooter\x64\release\doomshooter.pdb
c:\users\arthu\documents\ma\3\1.1\bo\doomlikec++\doomshooter\doomshooter\x64\release\doomshooter.ipdb
c:\users\arthu\documents\ma\3\1.1\bo\doomlikec++\doomshooter\doomshooter\x64\release\doomshooter.iobj
c:\users\arthu\documents\ma\3\1.1\bo\doomlikec++\doomshooter\doomshooter\x64\release\doomshooter.tlog\cl.command.1.tlog
c:\users\arthu\documents\ma\3\1.1\bo\doomlikec++\doomshooter\doomshooter\x64\release\doomshooter.tlog\cl.items.tlog
c:\users\arthu\documents\ma\3\1.1\bo\doomlikec++\doomshooter\doomshooter\x64\release\doomshooter.tlog\cl.read.1.tlog
c:\users\arthu\documents\ma\3\1.1\bo\doomlikec++\doomshooter\doomshooter\x64\release\doomshooter.tlog\cl.write.1.tlog
c:\users\arthu\documents\ma\3\1.1\bo\doomlikec++\doomshooter\doomshooter\x64\release\doomshooter.tlog\link.command.1.tlog
c:\users\arthu\documents\ma\3\1.1\bo\doomlikec++\doomshooter\doomshooter\x64\release\doomshooter.tlog\link.read.1.tlog
c:\users\arthu\documents\ma\3\1.1\bo\doomlikec++\doomshooter\doomshooter\x64\release\doomshooter.tlog\link.secondary.1.tlog
c:\users\arthu\documents\ma\3\1.1\bo\doomlikec++\doomshooter\doomshooter\x64\release\doomshooter.tlog\link.write.1.tlog
